I'm sorry, but errors were detected in your script. Please correct the
errors listed below, and try again.


File "game/scripts/screens.rpy", line 1539: expected statement.
    zorder 100
              ^

Ren'Py Version: Ren'Py 8.3.7.25031702
Sat May 10 20:29:45 2025
